==============================================================================
Tests                                                                         
==============================================================================
Tests.Logintest                                                               
==============================================================================
Invalid Credentials                                                   | PASS |
------------------------------------------------------------------------------
Tests.Logintest                                                       | PASS |
1 test, 1 passed, 0 failed
==============================================================================
Tests                                                                 | PASS |
1 test, 1 passed, 0 failed
==============================================================================
Output:  C:\Users\Lenovo\Desktop\Python-Test1\DataDriven-Robot\Tests\pabot_results\3\output.xml
