==============================================================================
Tests                                                                         
==============================================================================
Tests.Logintest                                                               
==============================================================================
Tests.Logintest                                                       | SKIP |
0 tests, 0 passed, 0 failed
==============================================================================
Tests                                                                 | SKIP |
0 tests, 0 passed, 0 failed
==============================================================================
Output:  C:\Users\Lenovo\Desktop\Python-Test1\DataDriven-Robot\Tests\pabot_results\12\output.xml
