==============================================================================
Suites                                                                        
==============================================================================
Suites.Test Radiobtn                                                          
==============================================================================
Validate Radio Button                                                 | PASS |
------------------------------------------------------------------------------
Suites.Test Radiobtn                                                  | PASS |
1 test, 1 passed, 0 failed
==============================================================================
Suites                                                                | PASS |
1 test, 1 passed, 0 failed
==============================================================================
Output:  C:\Users\Lenovo\Desktop\Python-Test1\RobotFrameWork-Basic\Tests\pabot_results\1\output.xml
